
Qt Multimedia:
  Spatial Audio .......................... yes
  Spatial Audio (Quick3D) ................ yes
  Low level Audio Backend:
    ALSA (experimental) .................. no
    PulseAudio ........................... no
    MMRenderer ........................... no
    CoreAudio ............................ no
    Windows Media SDK .................... yes
    Open SLES (Android) .................. no
    Web Assembly ......................... no
  Plugin:
    QtMM GStreamer plugin ................ no
    FFmpeg ............................... yes
    FFmpeg plugin features:
      PipeWire screen capture ............ no
    MMRenderer ........................... no
    AVFoundation ......................... no
    Windows Media Foundation ............. yes
    Native Android backend (deprecated) .. no
  Hardware acceleration and features:
    Video for Linux ...................... no
    VAAPI support ........................ no
    Linux DMA buffer support ............. no
    VideoToolbox ......................... no
